// Jest Snapshot v1, https://goo.gl/fbAQLP

exports[`App component renders Apps 1`] = `
<div>
  <div
    class="bg-gray-800 relative pt-[60px] pb-5 min-h-full text-white"
  >
    <div
      class="absolute flex top-0 z-40 min-w-full px-2 md:px-20 py-2 bg-gray-800  justify-between items-center"
    >
      <div
        class="flex flex-col h-10 w-10 cursor-pointer"
      >
        <svg
          baseProfile="tiny"
          fill="currentColor"
          height="40"
          stroke="currentColor"
          stroke-width="0"
          version="1.2"
          viewBox="0 0 24 24"
          width="40"
          xmlns="http://www.w3.org/2000/svg"
        >
          <path
            d="M22.262 10.468c-3.39-2.854-9.546-8.171-9.607-8.225l-.655-.563-.652.563c-.062.053-6.221 5.368-9.66 8.248-.438.394-.688.945-.688 1.509 0 1.104.896 2 2 2h1v6c0 1.104.896 2 2 2h12c1.104 0 2-.896 2-2v-6h1c1.104 0 2-.896 2-2 0-.598-.275-1.161-.738-1.532zm-8.262 9.532h-4v-5h4v5zm4-8l.002 8h-3.002v-6h-6v6h-3v-8h-3.001c2.765-2.312 7.315-6.227 9.001-7.68 1.686 1.453 6.234 5.367 9 7.681l-3-.001z"
          />
        </svg>
      </div>
      <div />
    </div>
    <div
      class="flex flex-row min-h-[2.3rem] justify-between mx-2 md:mx-20 select-none"
      style="opacity: 0; transform: translateY(-50px) translateZ(0);"
    />
    <div
      class="flex flex-col my-5 justify-between h-[80%]"
    >
      <div
        class="flex flex-col justify-center items-center min-h-[50vh]"
      >
        <div
          class=" text-[2rem] animate-pulse font-[homeworld-norm]"
        >
          LOADING
        </div>
      </div>
      <div
        class=" absolute z-0 bottom-7 left-2  font-[phonk] leading-none select-none"
      >
        <div
          class="flex text-[20vw] sm:text-[8rem]"
        >
          Travel
        </div>
        <div
          class="text-[10vw] sm:text-[4rem] -mt-[3vh]"
        >
          organizer
          <span
            class="text-[3vw] sm:text-[1rem] -mt-[3vh]"
          >
            by Snt
          </span>
        </div>
      </div>
      <img
        class="absolute z-0 h-[100px] hidden sm:flex md:h-[200px] bottom-10 right-5 md:right-10 "
        src="undraw_travelers_re_y25a.svg"
      />
    </div>
    <div
      class="absolute select-none flex justify-between items-center h-5 px-5 text-[0.8rem] text-gray-400 bg-gray-800 min-w-full bottom-0 z-20"
    >
      <div>
        Snt85c
      </div>
      <a
        href="https://github.com/snt85c"
      >
        <svg
          fill="currentColor"
          height="1em"
          stroke="currentColor"
          stroke-width="0"
          viewBox="0 0 496 512"
          width="1em"
          xmlns="http://www.w3.org/2000/svg"
        >
          <path
            d="M165.9 397.4c0 2-2.3 3.6-5.2 3.6-3.3.3-5.6-1.3-5.6-3.6 0-2 2.3-3.6 5.2-3.6 3-.3 5.6 1.3 5.6 3.6zm-31.1-4.5c-.7 2 1.3 4.3 4.3 4.9 2.6 1 5.6 0 6.2-2s-1.3-4.3-4.3-5.2c-2.6-.7-5.5.3-6.2 2.3zm44.2-1.7c-2.9.7-4.9 2.6-4.6 4.9.3 2 2.9 3.3 5.9 2.6 2.9-.7 4.9-2.6 4.6-4.6-.3-1.9-3-3.2-5.9-2.9zM244.8 8C106.1 8 0 113.3 0 252c0 110.9 69.8 205.8 169.5 239.2 12.8 2.3 17.3-5.6 17.3-12.1 0-6.2-.3-40.4-.3-61.4 0 0-70 15-84.7-29.8 0 0-11.4-29.1-27.8-36.6 0 0-22.9-15.7 1.6-15.4 0 0 24.9 2 38.6 25.8 21.9 38.6 58.6 27.5 72.9 20.9 2.3-16 8.8-27.1 16-33.7-55.9-6.2-112.3-14.3-112.3-110.5 0-27.5 7.6-41.3 23.6-58.9-2.6-6.5-11.1-33.3 2.6-67.9 20.9-6.5 69 27 69 27 20-5.6 41.5-8.5 62.8-8.5s42.8 2.9 62.8 8.5c0 0 48.1-33.6 69-27 13.7 34.7 5.2 61.4 2.6 67.9 16 17.7 25.8 31.5 25.8 58.9 0 96.5-58.9 104.2-114.8 110.5 9.2 7.9 17 22.9 17 46.4 0 33.7-.3 75.4-.3 83.6 0 6.5 4.6 14.4 17.3 12.1C428.2 457.8 496 362.9 496 252 496 113.3 383.5 8 244.8 8zM97.2 352.9c-1.3 1-1 3.3.7 5.2 1.6 1.6 3.9 2.3 5.2 1 1.3-1 1-3.3-.7-5.2-1.6-1.6-3.9-2.3-5.2-1zm-10.8-8.1c-.7 1.3.3 2.9 2.3 3.9 1.6 1 3.6.7 4.3-.7.7-1.3-.3-2.9-2.3-3.9-2-.6-3.6-.3-4.3.7zm32.4 35.6c-1.6 1.3-1 4.3 1.3 6.2 2.3 2.3 5.2 2.6 6.5 1 1.3-1.3.7-4.3-1.3-6.2-2.2-2.3-5.2-2.6-6.5-1zm-11.4-14.7c-1.6 1-1.6 3.6 0 5.9 1.6 2.3 4.3 3.3 5.6 2.3 1.6-1.3 1.6-3.9 0-6.2-1.4-2.3-4-3.3-5.6-2z"
          />
        </svg>
      </a>
    </div>
  </div>
</div>
`;
